WARNING: A terminally deprecated method in sun.misc.Unsafe has been called
WARNING: sun.misc.Unsafe::staticFieldBase has been called by com.google.inject.internal.aop.HiddenClassDefiner (file:/home/levi/.m2/wrapper/dists/apache-maven-3.9.11/a2d47e15/lib/guice-5.1.0-classes.jar)
WARNING: Please consider reporting this to the maintainers of class com.google.inject.internal.aop.HiddenClassDefiner
WARNING: sun.misc.Unsafe::staticFieldBase will be removed in a future release

  .   ____          _            __ _ _
 /\\ / ___'_ __ _ _(_)_ __  __ _ \ \ \ \
( ( )\___ | '_ | '_| | '_ \/ _` | \ \ \ \
 \\/  ___)| |_)| | | | | || (_| |  ) ) ) )
  '  |____| .__|_| |_|_| |_\__, | / / / /
 =========|_|==============|___/=/_/_/_/

 :: Spring Boot ::                (v3.5.7)

2025-11-16T09:17:54.033-03:00  INFO 1367612 --- [clusterforge] [           main] c.k.c.ClusterforgeApplication            : Starting ClusterforgeApplication using Java 24.0.2 with PID 1367612 (/home/levi/Projects/clusterforge-f/backend/target/classes started by levi in /home/levi/Projects/clusterforge-f/backend)
2025-11-16T09:17:54.036-03:00  INFO 1367612 --- [clusterforge] [           main] c.k.c.ClusterforgeApplication            : No active profile set, falling back to 1 default profile: "default"
2025-11-16T09:17:55.858-03:00  INFO 1367612 --- [clusterforge] [           main] o.s.b.w.embedded.tomcat.TomcatWebServer  : Tomcat initialized with port 8080 (http)
2025-11-16T09:17:55.884-03:00  INFO 1367612 --- [clusterforge] [           main] o.apache.catalina.core.StandardService   : Starting service [Tomcat]
2025-11-16T09:17:55.884-03:00  INFO 1367612 --- [clusterforge] [           main] o.apache.catalina.core.StandardEngine    : Starting Servlet engine: [Apache Tomcat/10.1.48]
2025-11-16T09:17:55.967-03:00  INFO 1367612 --- [clusterforge] [           main] o.a.c.c.C.[Tomcat].[localhost].[/]       : Initializing Spring embedded WebApplicationContext
2025-11-16T09:17:55.969-03:00  INFO 1367612 --- [clusterforge] [           main] w.s.c.ServletWebServerApplicationContext : Root WebApplicationContext: initialization completed in 1817 ms
2025-11-16T09:17:56.710-03:00  WARN 1367612 --- [clusterforge] [           main] ConfigServletWebServerApplicationContext : Exception encountered during context initialization - cancelling refresh attempt: org.springframework.context.ApplicationContextException: Failed to start bean 'webServerStartStop'
2025-11-16T09:17:56.735-03:00  INFO 1367612 --- [clusterforge] [           main] .s.b.a.l.ConditionEvaluationReportLogger : 

Error starting ApplicationContext. To display the condition evaluation report re-run your application with 'debug' enabled.
2025-11-16T09:17:56.760-03:00 ERROR 1367612 --- [clusterforge] [           main] o.s.b.d.LoggingFailureAnalysisReporter   : 

***************************
APPLICATION FAILED TO START
***************************

Description:

Web server failed to start. Port 8080 was already in use.

Action:

Identify and stop the process that's listening on port 8080 or configure this application to listen on another port.

[ERROR] Failed to execute goal org.springframework.boot:spring-boot-maven-plugin:3.5.7:run (default-cli) on project clusterforge: Process terminated with exit code: 1 -> [Help 1]
[ERROR] 
[ERROR] To see the full stack trace of the errors, re-run Maven with the -e switch.
[ERROR] Re-run Maven using the -X switch to enable full debug logging.
[ERROR] 
[ERROR] For more information about the errors and possible solutions, please read the following articles:
[ERROR] [Help 1] http://cwiki.apache.org/confluence/display/MAVEN/MojoExecutionException
